<memory_units>
	<unit0>0</unit0>
	<unit1>0</unit1>
	<unit2>0</unit2>
	<unit3>0</unit3>
	<unit4>0</unit4>
	<unit5>0</unit5>
	<unit6>0</unit6>
	<unit7>0</unit7>
	<unit8>0</unit8>
	<unit9>0</unit9>
	<unit10>0</unit10>
	<unit11>0</unit11>
	<unit12>0</unit12>
	<unit13>0</unit13>
	<unit14>0</unit14>
	<unit15>0</unit15>
	<unit16>0</unit16>
	<unit17>0</unit17>
	<unit18>0</unit18>
	<unit19>0</unit19>
	<unit20>0</unit20>
	<unit21>0</unit21>
	<unit22>0</unit22>
	<unit23>0</unit23>
	<unit24>0</unit24>
	<unit25>0</unit25>
	<unit26>0</unit26>
	<unit27>0</unit27>
	<unit28>0</unit28>
	<unit29>0</unit29>
	<unit30>0</unit30>
	<unit31>0</unit31>
	<unit32>0</unit32>
	<unit33>0</unit33>
	<unit34>5</unit34>
	<unit35>0</unit35>
	<unit36>0</unit36>
	<unit37>63</unit37>
	<unit38>0</unit38>
	<unit39>0</unit39>
	<unit40>0</unit40>
	<unit41>0</unit41>
	<unit42>0</unit42>
	<unit43>0</unit43>
	<unit44>0</unit44>
	<unit45>0</unit45>
	<unit46>0</unit46>
	<unit47>0</unit47>
	<unit48>0</unit48>
	<unit49>0</unit49>
	<unit50>0</unit50>
	<unit51>0</unit51>
	<unit52>0</unit52>
	<unit53>0</unit53>
	<unit54>0</unit54>
	<unit55>0</unit55>
	<unit56>0</unit56>
	<unit57>0</unit57>
	<unit58>0</unit58>
	<unit59>0</unit59>
	<unit60>0</unit60>
	<unit61>0</unit61>
	<unit62>0</unit62>
	<unit63>0</unit63>
	<unit64>0</unit64>
	<unit65>0</unit65>
	<unit66>0</unit66>
	<unit67>0</unit67>
	<unit68>0</unit68>
	<unit69>0</unit69>
	<unit70>0</unit70>
	<unit71>0</unit71>
	<unit72>0</unit72>
	<unit73>0</unit73>
	<unit74>0</unit74>
	<unit75>0</unit75>
	<unit76>0</unit76>
	<unit77>0</unit77>
	<unit78>0</unit78>
	<unit79>0</unit79>
	<unit80>0</unit80>
	<unit81>0</unit81>
	<unit82>0</unit82>
	<unit83>0</unit83>
	<unit84>0</unit84>
	<unit85>0</unit85>
	<unit86>0</unit86>
	<unit87>0</unit87>
	<unit88>0</unit88>
	<unit89>0</unit89>
	<unit90>0</unit90>
	<unit91>0</unit91>
	<unit92>0</unit92>
	<unit93>0</unit93>
	<unit94>0</unit94>
	<unit95>0</unit95>
	<unit96>0</unit96>
	<unit97>103</unit97>
	<unit98>0</unit98>
	<unit99>0</unit99>
	<unit100>0</unit100>
	<unit101>63</unit101>
	<unit102>0</unit102>
	<unit103>0</unit103>
	<unit104>0</unit104>
	<unit105>0</unit105>
	<unit106>0</unit106>
	<unit107>0</unit107>
	<unit108>0</unit108>
	<unit109>0</unit109>
	<unit110>0</unit110>
	<unit111>0</unit111>
	<unit112>0</unit112>
	<unit113>0</unit113>
	<unit114>0</unit114>
	<unit115>0</unit115>
	<unit116>0</unit116>
	<unit117>0</unit117>
	<unit118>0</unit118>
	<unit119>0</unit119>
	<unit120>0</unit120>
	<unit121>0</unit121>
	<unit122>0</unit122>
	<unit123>0</unit123>
	<unit124>0</unit124>
	<unit125>0</unit125>
	<unit126>0</unit126>
	<unit127>0</unit127>
	<unit128>0</unit128>
	<unit129>0</unit129>
	<unit130>0</unit130>
	<unit131>0</unit131>
	<unit132>0</unit132>
	<unit133>0</unit133>
	<unit134>0</unit134>
	<unit135>0</unit135>
	<unit136>0</unit136>
	<unit137>0</unit137>
	<unit138>0</unit138>
	<unit139>0</unit139>
	<unit140>0</unit140>
	<unit141>0</unit141>
	<unit142>0</unit142>
	<unit143>0</unit143>
	<unit144>0</unit144>
	<unit145>0</unit145>
	<unit146>0</unit146>
	<unit147>0</unit147>
	<unit148>0</unit148>
	<unit149>0</unit149>
	<unit150>0</unit150>
	<unit151>0</unit151>
	<unit152>0</unit152>
	<unit153>0</unit153>
	<unit154>0</unit154>
	<unit155>0</unit155>
	<unit156>0</unit156>
	<unit157>0</unit157>
	<unit158>0</unit158>
	<unit159>0</unit159>
	<unit160>0</unit160>
	<unit161>0</unit161>
	<unit162>0</unit162>
	<unit163>0</unit163>
	<unit164>0</unit164>
	<unit165>0</unit165>
	<unit166>0</unit166>
	<unit167>0</unit167>
	<unit168>0</unit168>
	<unit169>0</unit169>
	<unit170>0</unit170>
	<unit171>0</unit171>
	<unit172>0</unit172>
	<unit173>0</unit173>
	<unit174>0</unit174>
	<unit175>0</unit175>
	<unit176>0</unit176>
	<unit177>0</unit177>
	<unit178>0</unit178>
	<unit179>0</unit179>
	<unit180>0</unit180>
	<unit181>0</unit181>
	<unit182>0</unit182>
	<unit183>0</unit183>
	<unit184>0</unit184>
	<unit185>0</unit185>
	<unit186>0</unit186>
	<unit187>0</unit187>
	<unit188>0</unit188>
	<unit189>0</unit189>
	<unit190>0</unit190>
	<unit191>102</unit191>
	<unit192>0</unit192>
	<unit193>0</unit193>
	<unit194>0</unit194>
	<unit195>0</unit195>
	<unit196>0</unit196>
	<unit197>0</unit197>
	<unit198>0</unit198>
	<unit199>0</unit199>
	<unit200>0</unit200>
	<unit201>0</unit201>
	<unit202>0</unit202>
	<unit203>0</unit203>
	<unit204>0</unit204>
	<unit205>0</unit205>
	<unit206>0</unit206>
	<unit207>0</unit207>
	<unit208>0</unit208>
	<unit209>0</unit209>
	<unit210>0</unit210>
	<unit211>0</unit211>
	<unit212>0</unit212>
	<unit213>0</unit213>
	<unit214>0</unit214>
	<unit215>0</unit215>
	<unit216>0</unit216>
	<unit217>0</unit217>
	<unit218>0</unit218>
	<unit219>0</unit219>
	<unit220>0</unit220>
	<unit221>0</unit221>
	<unit222>0</unit222>
	<unit223>0</unit223>
	<unit224>0</unit224>
	<unit225>0</unit225>
	<unit226>0</unit226>
	<unit227>0</unit227>
	<unit228>0</unit228>
	<unit229>0</unit229>
	<unit230>0</unit230>
	<unit231>0</unit231>
	<unit232>0</unit232>
	<unit233>0</unit233>
	<unit234>0</unit234>
	<unit235>0</unit235>
	<unit236>0</unit236>
	<unit237>0</unit237>
	<unit238>0</unit238>
	<unit239>0</unit239>
	<unit240>0</unit240>
	<unit241>0</unit241>
	<unit242>0</unit242>
	<unit243>0</unit243>
	<unit244>0</unit244>
	<unit245>0</unit245>
	<unit246>0</unit246>
	<unit247>0</unit247>
	<unit248>0</unit248>
	<unit249>0</unit249>
	<unit250>0</unit250>
	<unit251>0</unit251>
	<unit252>0</unit252>
	<unit253>0</unit253>
	<unit254>0</unit254>
	<unit255>0</unit255>
	<unit256>0</unit256>
	<unit257>0</unit257>
	<unit258>0</unit258>
	<unit259>0</unit259>
	<unit260>0</unit260>
	<unit261>0</unit261>
	<unit262>0</unit262>
	<unit263>0</unit263>
	<unit264>0</unit264>
	<unit265>101</unit265>
	<unit266>0</unit266>
	<unit267>0</unit267>
	<unit268>0</unit268>
	<unit269>0</unit269>
	<unit270>0</unit270>
	<unit271>0</unit271>
	<unit272>0</unit272>
	<unit273>0</unit273>
	<unit274>0</unit274>
	<unit275>0</unit275>
	<unit276>0</unit276>
	<unit277>0</unit277>
	<unit278>0</unit278>
	<unit279>0</unit279>
	<unit280>0</unit280>
	<unit281>0</unit281>
	<unit282>0</unit282>
	<unit283>0</unit283>
	<unit284>0</unit284>
	<unit285>0</unit285>
	<unit286>0</unit286>
	<unit287>0</unit287>
	<unit288>0</unit288>
	<unit289>0</unit289>
	<unit290>0</unit290>
	<unit291>0</unit291>
	<unit292>0</unit292>
	<unit293>0</unit293>
	<unit294>0</unit294>
	<unit295>0</unit295>
	<unit296>0</unit296>
	<unit297>0</unit297>
	<unit298>0</unit298>
	<unit299>0</unit299>
	<unit300>0</unit300>
	<unit301>0</unit301>
	<unit302>0</unit302>
	<unit303>0</unit303>
	<unit304>0</unit304>
	<unit305>0</unit305>
	<unit306>0</unit306>
	<unit307>0</unit307>
	<unit308>0</unit308>
	<unit309>0</unit309>
	<unit310>0</unit310>
	<unit311>0</unit311>
	<unit312>0</unit312>
	<unit313>561</unit313>
	<unit314>0</unit314>
	<unit315>0</unit315>
	<unit316>0</unit316>
	<unit317>0</unit317>
	<unit318>0</unit318>
	<unit319>0</unit319>
	<unit320>0</unit320>
	<unit321>0</unit321>
	<unit322>0</unit322>
	<unit323>0</unit323>
	<unit324>0</unit324>
	<unit325>0</unit325>
	<unit326>0</unit326>
	<unit327>0</unit327>
	<unit328>0</unit328>
	<unit329>0</unit329>
	<unit330>0</unit330>
	<unit331>0</unit331>
	<unit332>0</unit332>
	<unit333>0</unit333>
	<unit334>0</unit334>
	<unit335>0</unit335>
	<unit336>0</unit336>
	<unit337>0</unit337>
	<unit338>0</unit338>
	<unit339>0</unit339>
	<unit340>0</unit340>
	<unit341>0</unit341>
	<unit342>0</unit342>
	<unit343>0</unit343>
	<unit344>0</unit344>
	<unit345>0</unit345>
	<unit346>0</unit346>
	<unit347>0</unit347>
	<unit348>0</unit348>
	<unit349>0</unit349>
	<unit350>0</unit350>
	<unit351>0</unit351>
	<unit352>0</unit352>
	<unit353>0</unit353>
	<unit354>0</unit354>
	<unit355>0</unit355>
	<unit356>0</unit356>
	<unit357>0</unit357>
	<unit358>0</unit358>
	<unit359>0</unit359>
	<unit360>0</unit360>
	<unit361>0</unit361>
	<unit362>0</unit362>
	<unit363>0</unit363>
	<unit364>0</unit364>
	<unit365>0</unit365>
	<unit366>0</unit366>
	<unit367>0</unit367>
	<unit368>0</unit368>
	<unit369>0</unit369>
	<unit370>0</unit370>
	<unit371>0</unit371>
	<unit372>0</unit372>
	<unit373>0</unit373>
	<unit374>0</unit374>
	<unit375>0</unit375>
	<unit376>0</unit376>
	<unit377>0</unit377>
	<unit378>0</unit378>
	<unit379>0</unit379>
	<unit380>0</unit380>
	<unit381>0</unit381>
	<unit382>0</unit382>
	<unit383>0</unit383>
	<unit384>0</unit384>
	<unit385>0</unit385>
	<unit386>0</unit386>
	<unit387>0</unit387>
	<unit388>0</unit388>
	<unit389>0</unit389>
	<unit390>0</unit390>
	<unit391>0</unit391>
	<unit392>0</unit392>
	<unit393>0</unit393>
	<unit394>0</unit394>
	<unit395>0</unit395>
	<unit396>0</unit396>
	<unit397>0</unit397>
	<unit398>0</unit398>
	<unit399>0</unit399>
	<unit400>0</unit400>
	<unit401>0</unit401>
	<unit402>0</unit402>
	<unit403>0</unit403>
	<unit404>0</unit404>
	<unit405>0</unit405>
	<unit406>0</unit406>
	<unit407>0</unit407>
	<unit408>0</unit408>
	<unit409>0</unit409>
	<unit410>0</unit410>
	<unit411>0</unit411>
	<unit412>0</unit412>
	<unit413>0</unit413>
	<unit414>0</unit414>
	<unit415>0</unit415>
	<unit416>0</unit416>
	<unit417>0</unit417>
	<unit418>0</unit418>
	<unit419>0</unit419>
	<unit420>0</unit420>
	<unit421>0</unit421>
	<unit422>0</unit422>
	<unit423>0</unit423>
	<unit424>0</unit424>
	<unit425>0</unit425>
	<unit426>0</unit426>
	<unit427>0</unit427>
	<unit428>0</unit428>
	<unit429>0</unit429>
	<unit430>0</unit430>
	<unit431>0</unit431>
	<unit432>0</unit432>
	<unit433>0</unit433>
	<unit434>0</unit434>
	<unit435>0</unit435>
	<unit436>0</unit436>
	<unit437>0</unit437>
	<unit438>0</unit438>
	<unit439>0</unit439>
	<unit440>0</unit440>
	<unit441>0</unit441>
	<unit442>0</unit442>
	<unit443>0</unit443>
	<unit444>0</unit444>
	<unit445>0</unit445>
	<unit446>0</unit446>
	<unit447>0</unit447>
	<unit448>0</unit448>
	<unit449>0</unit449>
	<unit450>0</unit450>
	<unit451>0</unit451>
	<unit452>0</unit452>
	<unit453>0</unit453>
	<unit454>0</unit454>
	<unit455>0</unit455>
	<unit456>0</unit456>
	<unit457>0</unit457>
	<unit458>0</unit458>
	<unit459>0</unit459>
	<unit460>0</unit460>
	<unit461>0</unit461>
	<unit462>0</unit462>
	<unit463>0</unit463>
	<unit464>0</unit464>
	<unit465>0</unit465>
	<unit466>0</unit466>
	<unit467>0</unit467>
	<unit468>0</unit468>
	<unit469>0</unit469>
	<unit470>0</unit470>
	<unit471>0</unit471>
	<unit472>0</unit472>
	<unit473>0</unit473>
	<unit474>0</unit474>
	<unit475>0</unit475>
	<unit476>0</unit476>
	<unit477>0</unit477>
	<unit478>0</unit478>
	<unit479>0</unit479>
	<unit480>0</unit480>
	<unit481>0</unit481>
	<unit482>0</unit482>
	<unit483>0</unit483>
	<unit484>0</unit484>
	<unit485>0</unit485>
	<unit486>0</unit486>
	<unit487>0</unit487>
	<unit488>0</unit488>
	<unit489>0</unit489>
	<unit490>0</unit490>
	<unit491>0</unit491>
	<unit492>0</unit492>
	<unit493>0</unit493>
	<unit494>0</unit494>
	<unit495>0</unit495>
	<unit496>0</unit496>
	<unit497>0</unit497>
	<unit498>0</unit498>
	<unit499>0</unit499>
	<unit500>0</unit500>
	<unit501>0</unit501>
	<unit502>0</unit502>
	<unit503>0</unit503>
	<unit504>0</unit504>
	<unit505>0</unit505>
	<unit506>0</unit506>
	<unit507>0</unit507>
	<unit508>0</unit508>
	<unit509>0</unit509>
	<unit510>0</unit510>
	<unit511>0</unit511>
	<unit512>0</unit512>
	<unit513>0</unit513>
	<unit514>0</unit514>
	<unit515>0</unit515>
	<unit516>0</unit516>
	<unit517>0</unit517>
	<unit518>0</unit518>
	<unit519>0</unit519>
	<unit520>0</unit520>
	<unit521>0</unit521>
	<unit522>0</unit522>
	<unit523>0</unit523>
	<unit524>0</unit524>
	<unit525>0</unit525>
	<unit526>0</unit526>
	<unit527>0</unit527>
	<unit528>0</unit528>
	<unit529>0</unit529>
	<unit530>0</unit530>
	<unit531>0</unit531>
	<unit532>0</unit532>
	<unit533>0</unit533>
	<unit534>0</unit534>
	<unit535>0</unit535>
	<unit536>0</unit536>
	<unit537>0</unit537>
	<unit538>0</unit538>
	<unit539>0</unit539>
	<unit540>0</unit540>
	<unit541>0</unit541>
	<unit542>0</unit542>
	<unit543>0</unit543>
	<unit544>0</unit544>
	<unit545>0</unit545>
	<unit546>0</unit546>
	<unit547>0</unit547>
	<unit548>0</unit548>
	<unit549>0</unit549>
	<unit550>0</unit550>
	<unit551>0</unit551>
	<unit552>0</unit552>
	<unit553>0</unit553>
	<unit554>0</unit554>
	<unit555>0</unit555>
	<unit556>0</unit556>
	<unit557>0</unit557>
	<unit558>0</unit558>
	<unit559>0</unit559>
	<unit560>0</unit560>
	<unit561>104</unit561>
	<unit562>0</unit562>
	<unit563>0</unit563>
	<unit564>0</unit564>
	<unit565>0</unit565>
	<unit566>0</unit566>
	<unit567>0</unit567>
	<unit568>0</unit568>
	<unit569>0</unit569>
	<unit570>0</unit570>
	<unit571>0</unit571>
	<unit572>0</unit572>
	<unit573>0</unit573>
	<unit574>0</unit574>
	<unit575>0</unit575>
	<unit576>0</unit576>
	<unit577>0</unit577>
	<unit578>0</unit578>
	<unit579>0</unit579>
	<unit580>0</unit580>
	<unit581>0</unit581>
	<unit582>0</unit582>
	<unit583>0</unit583>
	<unit584>0</unit584>
	<unit585>0</unit585>
	<unit586>0</unit586>
	<unit587>0</unit587>
	<unit588>0</unit588>
	<unit589>0</unit589>
	<unit590>0</unit590>
	<unit591>0</unit591>
	<unit592>0</unit592>
	<unit593>0</unit593>
	<unit594>0</unit594>
	<unit595>0</unit595>
	<unit596>0</unit596>
	<unit597>0</unit597>
	<unit598>0</unit598>
	<unit599>0</unit599>
	<unit600>0</unit600>
	<unit601>0</unit601>
	<unit602>0</unit602>
	<unit603>0</unit603>
	<unit604>0</unit604>
	<unit605>0</unit605>
	<unit606>0</unit606>
	<unit607>0</unit607>
	<unit608>0</unit608>
	<unit609>0</unit609>
	<unit610>0</unit610>
	<unit611>0</unit611>
	<unit612>0</unit612>
	<unit613>0</unit613>
	<unit614>0</unit614>
	<unit615>0</unit615>
	<unit616>0</unit616>
	<unit617>0</unit617>
	<unit618>0</unit618>
	<unit619>0</unit619>
	<unit620>0</unit620>
	<unit621>0</unit621>
	<unit622>0</unit622>
	<unit623>0</unit623>
	<unit624>0</unit624>
	<unit625>0</unit625>
	<unit626>34</unit626>
	<unit627>0</unit627>
	<unit628>0</unit628>
	<unit629>0</unit629>
	<unit630>0</unit630>
	<unit631>0</unit631>
	<unit632>0</unit632>
	<unit633>0</unit633>
	<unit634>0</unit634>
	<unit635>0</unit635>
	<unit636>0</unit636>
	<unit637>0</unit637>
	<unit638>0</unit638>
	<unit639>0</unit639>
	<unit640>0</unit640>
	<unit641>0</unit641>
	<unit642>0</unit642>
	<unit643>0</unit643>
	<unit644>0</unit644>
	<unit645>0</unit645>
	<unit646>0</unit646>
	<unit647>0</unit647>
	<unit648>0</unit648>
	<unit649>0</unit649>
	<unit650>0</unit650>
	<unit651>0</unit651>
	<unit652>0</unit652>
	<unit653>0</unit653>
	<unit654>0</unit654>
	<unit655>0</unit655>
	<unit656>0</unit656>
	<unit657>0</unit657>
	<unit658>0</unit658>
	<unit659>0</unit659>
	<unit660>0</unit660>
	<unit661>0</unit661>
	<unit662>0</unit662>
	<unit663>0</unit663>
	<unit664>0</unit664>
	<unit665>102</unit665>
	<unit666>665</unit666>
	<unit667>0</unit667>
	<unit668>0</unit668>
	<unit669>0</unit669>
	<unit670>0</unit670>
	<unit671>0</unit671>
	<unit672>0</unit672>
	<unit673>0</unit673>
	<unit674>0</unit674>
	<unit675>0</unit675>
	<unit676>0</unit676>
	<unit677>0</unit677>
	<unit678>0</unit678>
	<unit679>0</unit679>
	<unit680>0</unit680>
	<unit681>0</unit681>
	<unit682>0</unit682>
	<unit683>0</unit683>
	<unit684>0</unit684>
	<unit685>0</unit685>
	<unit686>0</unit686>
	<unit687>0</unit687>
	<unit688>0</unit688>
	<unit689>0</unit689>
	<unit690>0</unit690>
	<unit691>0</unit691>
	<unit692>0</unit692>
	<unit693>0</unit693>
	<unit694>0</unit694>
	<unit695>0</unit695>
	<unit696>0</unit696>
	<unit697>0</unit697>
	<unit698>0</unit698>
	<unit699>0</unit699>
</memory_units>
